  [1;38;2;203;166;247mnat[m[38;2;127;132;156m · [m[38;2;137;180;250mnotion-agent-tracker, dogfooding[m
  [38;2;127;132;156mmilestones: 1 · slices done: 0/1[m      
                                        
  [1;38;2;205;214;244;48;2;69;71;90m❯ ▾ M7: Agent pane view 0/1  Active [m  
      [48;2;49;50;68m [m[38;2;205;214;244;48;2;49;50;68m○[m[48;2;49;50;68m [m Keep the status bar and head  
                                        
                                        
                                        
                                        
                                        
                                        
                                        
                                        
                                        
                                        
[48;2;49;50;68m  [48;2;203;166;247m [m[38;2;17;17;27;48;2;203;166;247mnotion-agent[m[48;2;203;166;247m [m    [1;38;2;203;166;247;48;2;49;50;68mr[m [38;2;205;214;244;48;2;49;50;68mrefresh[m[38;2;127;132;156;48;2;49;50;68m · [m[1;38;2;203;166;247;48;2;49;50;68mq[m [38;2;205;214;244;48;2;49;50;68mquit[m[m[48;2;49;50;68m  [m