                                                            
  [1;96mnat[m                                                       
  [36mnotion-agent-tracker, dogfooding its own development[m      
                                                            
  [90mmilestones: 1 · slices done: 0/1[m                          
                                                            
  [1;97;44m❯ ▾ M7: Agent pane view 0/1  Active [m[44m                    [m  
      [100m [m[97;100m○[m[100m [m Keep the status bar and header inside the window  
                                                            
                                                            
                                                            
                                                            
                                                            
                                                            
  [46m [m[30;46mnotion-agent-track[m[46m [m [95mr[m [90mrefresh[m[90m · [m[95m?[m [90mhelp[m[90m · [m[95mq[m [90mquit[m          
                                                            