                                                            
  [1;96mnat[m                                                       
  [36mnotion-agent-tracker, dogfooding its own development[m      
                                                            
  [90mmilestones: 1 · slices done: 0/1[m                          
                                                            
  [95m❯ [m▾ [1;97mM7: Agent pane view[m [90m0/1[m [90mActive[m                        
      [90m○[m Keep the status bar and header inside the window    
                                                            
                                                            
                                                            
                                                            
                                                            
                                                            
  [95mr[m [90mrefresh[m[90m · [m[95mi[m [90minfo[m[90m · [m[95m?[m [90mhelp[m[90m · [m[95mesc[m [90mback[m[90m · [m[95mq[m [90mquit[m           
                                                            