                                                                                
  [1;96mnat[m                                                                           
  [36mnotion-agent-tracker, dogfooding its own development[m                          
                                                                                
  [90mmilestones: 1 · slices done: 0/1[m                                              
                                                                                
  [95m❯ [m▾ [1;97mM7: Agent pane view[m [90m0/1[m [90mActive[m                                            
      [90m○[m Keep the status bar and header inside the window                        
                                                                                
                                                                                
                                                                                
                                                                                
                                                                                
                                                                                
  [95mt[m [90mreturn the agent[m[90m · [m[95mprefix+z[m [90mzoom the split[m                                  
                                                                                