  [1;96mnat[m[90m · [m[36mAdd a slice to M1: Config[m       
                                        
                                        
  [38;5;238m┃[m [1;38;2;90;86;224mTitle[m                               
  [38;5;238m┃[m [38;2;247;128;226m> [m[7;38;2;2;186;132m [m                                 
                                        
  [38;5;238m [m [1;38;2;90;86;224mBrief[m                               
  [38;5;238m [m Becomes the slice's page body —     
  [38;5;238m [m what the agent works from.          
  [38;5;238m [m [38;2;247;128;226m[m                                    
  [38;5;238m [m [38;2;247;128;226m[m[30m                                  [m  
  [38;5;238m [m [38;2;247;128;226m[m[30m                                  [m  
  [38;5;238m [m [38;2;247;128;226m[m[30m                                  [m  
  [38;5;238m [m [38;2;247;128;226m[m[30m                                  [m  
  [38;5;238m [m [38;2;247;128;226m[m[30m                                  [m  
                                        
  [38;5;238m [m [1;38;2;90;86;224mRepo[m                                
                                        
  [38;2;98;98;98menter[m [38;2;74;74;74mnext[m                            
[100m  [46m [m[30;46medit[m[46m [m [1;95;100mesc[m [37;100mcancel[m                   [m[100m  [m