[48;2;49;50;68m  [48;2;203;166;247m [m[1;38;2;17;17;27;48;2;203;166;247mnat[m[48;2;203;166;247m [m[1;38;2;205;214;244;48;2;49;50;68m Add a slice to M2: Board[m                                                                  [m[48;2;49;50;68m  [m
[38;2;69;71;90m╭──────────────────────────────────────────────────────────────────────────────────────────────────╮[m
[38;2;69;71;90m│[m [38;2;69;71;90m┃[m [1;38;2;203;166;247mTitle[m                                                                                          [38;2;69;71;90m│[m
[38;2;69;71;90m│[m [38;2;69;71;90m┃[m [38;2;203;166;247m> [m[38;2;205;214;244m[m[7;38;2;203;166;247m [m[38;2;205;214;244m                                                                                           [m [38;2;69;71;90m│[m
[38;2;69;71;90m│[m                                                                                                  [38;2;69;71;90m│[m
[38;2;69;71;90m│[m [38;2;69;71;90m [m [1;38;2;203;166;247mBrief[m                                                                                          [38;2;69;71;90m│[m
[38;2;69;71;90m│[m [38;2;69;71;90m [m [38;2;127;132;156mBecomes the slice's page body — what the agent works from.[m                                     [38;2;69;71;90m│[m
[38;2;69;71;90m│[m [38;2;69;71;90m [m [38;2;205;214;244m[38;2;203;166;247m[m[m[38;2;205;214;244m[m[38;2;205;214;244m[38;2;205;214;244m [m[m[38;2;205;214;244m[m[38;2;205;214;244m                                                                                             [m [38;2;69;71;90m│[m
[38;2;69;71;90m│[m [38;2;69;71;90m [m [38;2;203;166;247m[m[30m                                                                                              [m [38;2;69;71;90m│[m
[38;2;69;71;90m│[m [38;2;69;71;90m [m [38;2;203;166;247m[m[30m                                                                                              [m [38;2;69;71;90m│[m
[38;2;69;71;90m│[m [38;2;69;71;90m [m [38;2;203;166;247m[m[30m                                                                                              [m [38;2;69;71;90m│[m
[38;2;69;71;90m│[m [38;2;69;71;90m [m [38;2;203;166;247m[m[30m                                                                                              [m [38;2;69;71;90m│[m
[38;2;69;71;90m│[m [38;2;69;71;90m [m [38;2;203;166;247m[m[30m                                                                                              [m [38;2;69;71;90m│[m
[38;2;69;71;90m│[m                                                                                                  [38;2;69;71;90m│[m
[38;2;69;71;90m│[m [38;2;69;71;90m [m [1;38;2;203;166;247mRepo[m                                                                                           [38;2;69;71;90m│[m
[38;2;69;71;90m│[m [38;2;69;71;90m [m [38;2;127;132;156mWorking directory override; blank uses the project's own.[m                                      [38;2;69;71;90m│[m
[38;2;69;71;90m│[m [38;2;69;71;90m [m [37m> [m[37m[m [37m                                                                                           [m [38;2;69;71;90m│[m
[38;2;69;71;90m│[m                                                                                                  [38;2;69;71;90m│[m
[38;2;69;71;90m│[m                                                                                                  [38;2;69;71;90m│[m
[38;2;69;71;90m│[m [38;2;203;166;247menter[m [38;2;127;132;156mnext[m                                                                                       [38;2;69;71;90m│[m
[38;2;69;71;90m╰──────────────────────────────────────────────────────────────────────────────────────────────────╯[m
[38;2;69;71;90m╭──────────────────────────────────────────────────────────────────────────────────────────────────╮[m
[38;2;69;71;90m│[m[48;2;49;50;68m [48;2;203;166;247m [m[38;2;17;17;27;48;2;203;166;247medit[m[48;2;203;166;247m [m [1;38;2;203;166;247;48;2;49;50;68mesc[m [38;2;205;214;244;48;2;49;50;68mcancel[m                                                                               [m[48;2;49;50;68m [m[38;2;69;71;90m│[m
[38;2;69;71;90m╰──────────────────────────────────────────────────────────────────────────────────────────────────╯[m