                                        
  [1;96mAdd a slice to M1: Config[m             
                                        
  [38;5;238m┃[m [1;38;2;90;86;224mTitle[m                               
  [38;5;238m┃[m [38;2;247;128;226m> [m[7;38;2;2;186;132m [m                                 
                                        
  [38;5;238m [m [1;38;2;90;86;224mBrief[m                               
  [38;5;238m [m Becomes the slice's page body —     
  [38;5;238m [m what the agent works from.          
  [38;5;238m [m [38;2;247;128;226m[m                                    
  [38;5;238m [m [38;2;247;128;226m[m[30m                                  [m  
  [38;5;238m [m [38;2;247;128;226m[m[30m                                  [m  
  [38;5;238m [m [38;2;247;128;226m[m[30m                                  [m  
  [38;5;238m [m [38;2;247;128;226m[m[30m                                  [m  
  [38;5;238m [m [38;2;247;128;226m[m[30m                                  [m  
                                        
  [38;2;98;98;98menter[m [38;2;74;74;74mnext[m                            
                                        
  [95mesc[m [90mcancel[m                            
                                        