[1;96mSearch for a project database[m
[95m/ [mops[90m▏[m

[95m> [m[1;97mOps Board[m[90m — Engineering / Projects / Q3[m
  Ops Archive[90m — Engineering / Archive[m
  (untitled) ds-3[90m — …[m
[95m↑[m [90mup[m  [95m↓[m [90mdown[m  [95menter[m [90mselect[m  [95mesc[m [90mback[m