[1;96mWhich database holds your projects?[m
[90mBrowse to the existing project database, or create one.[m

[95m> [m[1;97m▾ Home[m
    [36m▸ Deep[m
    Recipes
  Loose
  Create a new database…
[95m↑/k[m [90mup[m  [95m↓/j[m [90mdown[m  [95m→/l[m [90mexpand[m  [95menter[m [90mselect[m  [95m/[m [90msearch[m